2026-08-11T01:48:25.792977Z  INFO telemetry: job_telemetry_init artifact_type=installed branch=b048ad42a221 ci_number=20260731.1 ci_name=CommonRuntime-RuntimeTeam-Linux-Prod-Build build_time=2026-07-31 07:25:57.462190
2026-08-11T01:48:25.793416Z  INFO run_execution_wrapper: execution_wrapper: Writing HWLOC_COMPONENTS=-gl to /etc/environment
2026-08-11T01:48:25.794095Z  WARN run_execution_wrapper: execution_wrapper: Failed to execute sudo command: No such file or directory (os error 2)
2026-08-11T01:48:25.794333Z  INFO run_execution_wrapper: execution_wrapper: Set HWLOC_COMPONENTS=-gl in current process environment
2026-08-11T01:48:25.795872Z  INFO run_execution_wrapper: execution_wrapper: Successfully dumped bootstrapping environment to file
2026-08-11T01:48:25.795920Z  INFO run_execution_wrapper: execution_wrapper: Enable std log streaming is not specified in executor configuration, default to not stream logs to stdout and stderr
2026-08-11T01:48:25.795946Z  INFO run_execution_wrapper: execution_wrapper: Enable termination signal handling is not specified in executor configuration, default to ignore termination signals
2026-08-11T01:48:25.795970Z  INFO run_execution_wrapper: execution_wrapper: Executor config not provided, certificates will not be updated.
2026-08-11T01:48:25.796007Z  INFO run_execution_wrapper:execution-wrapper::run_service{path_mapping_kind=None error_pattern_json_files_post_execution=None error_pattern_json_file_mid_execution=None enable_std_log_streaming=false skip_user_log_file_generation=false enable_termination_signal_handling=false}: execution_wrapper::service: serving execution service at executor_address=/mnt/azureml/cr/j/2334b4afdae04515a4cfe0af6f048c5e/.grpc/executor:0
2026-08-11T01:48:25.796305Z  INFO run_execution_wrapper:execution-wrapper::run_service{path_mapping_kind=None error_pattern_json_files_post_execution=None error_pattern_json_file_mid_execution=None enable_std_log_streaming=false skip_user_log_file_generation=false enable_termination_signal_handling=false}: cr_core: Successfully configured current process to ignore termination signals
2026-08-11T01:48:25.796345Z  INFO run_execution_wrapper:execution-wrapper::run_service{path_mapping_kind=None error_pattern_json_files_post_execution=None error_pattern_json_file_mid_execution=None enable_std_log_streaming=false skip_user_log_file_generation=false enable_termination_signal_handling=false}:serve: grpc_utils::endpoint::serve: serving gRPC service endpoint=Uds("/mnt/azureml/cr/j/2334b4afdae04515a4cfe0af6f048c5e/.grpc/executor:0") retry=ExponentialBackoffRetry { retry_delay_secs: 2, delay_factor: 1000, num_retries: 3 }
2026-08-11T01:49:05.847756Z  INFO ExecutionServicer::setup_execution_env: grpc_utils::server: Got grpc request request_name="setup_execution_env" remote_addr=None
2026-08-11T01:49:05.847841Z  INFO ExecutionServicer::setup_execution_env:PathMapper::do_mappings: execution_wrapper::path_mapping: Setting up path_mappings using Some(BindMount)
2026-08-11T01:49:05.847913Z  INFO ExecutionServicer::setup_execution_env:PathMapper::do_mappings:PathMapper::mount{source="/mnt/azureml/cr/j/2334b4afdae04515a4cfe0af6f048c5e/cap/data-capability/wd/INPUT_score_model" target="/mnt/azureml/cr/j/2334b4afdae04515a4cfe0af6f048c5e/exe/wd/e4147405-1ec1-4710-91f6-ec581804bbe2_score_model/taxi-model" sudo=false}: execution_wrapper::path_mapping: source is a directory, create dest as directory and ensure empty
2026-08-11T01:49:05.853594Z  INFO ExecutionServicer::setup_execution_env:PathMapper::do_mappings:PathMapper::mount{source="/mnt/azureml/cr/j/2334b4afdae04515a4cfe0af6f048c5e/cap/data-capability/wd/INPUT_score_model" target="/mnt/azureml/cr/j/2334b4afdae04515a4cfe0af6f048c5e/exe/wd/e4147405-1ec1-4710-91f6-ec581804bbe2_score_model/taxi-model" sudo=false}: execution_wrapper::path_mapping: close time.busy=2.64ms time.idle=3.07ms
2026-08-11T01:49:05.853638Z  INFO ExecutionServicer::setup_execution_env:PathMapper::do_mappings: execution_wrapper::path_mapping: close time.busy=2.74ms time.idle=3.07ms
2026-08-11T01:49:05.853649Z  INFO ExecutionServicer::setup_execution_env: execution_wrapper::service: path mapping completed
2026-08-11T01:49:05.853692Z  INFO ExecutionServicer::setup_execution_env: execution_wrapper::service: close time.busy=2.89ms time.idle=3.10ms
2026-08-11T01:49:05.854852Z  INFO ExecutionServicer::run: grpc_utils::server: Got grpc request request_name="run" remote_addr=None
2026-08-11T01:49:05.854927Z  INFO ExecutionServicer::run: execution_wrapper::service: file /opt/microsoft/singularity/unasignal/StopUserNode exists: false path=/opt/microsoft/singularity/unasignal/StopUserNode
2026-08-11T01:49:05.854984Z  INFO ExecutionServicer::run:ExecutionServicer::spawn_execution{wait_execution_completion=false}: execution_wrapper::service: spawn_execution request id="c98e95cf-1d72-4cf7-bb31-e41b33aea065" client_address=Some("/mnt/azureml/cr/j/2334b4afdae04515a4cfe0af6f048c5e/.grpc/lifecycler:0")
2026-08-11T01:49:05.855025Z  INFO ExecutionServicer::run:ExecutionServicer::spawn_execution{wait_execution_completion=false}:inject_legacy_env_vars: execution_wrapper::legacy_env_vars: Setting legacy env vars from distributed config distributed_config=DistributedConfig { rank: Value(0), host_list: [], remote_grpc: None, batch_leader_port: None, is_distributed_parallel_task: Some(false), disable_fatal_ongoing_ssh_check_failure: false }
2026-08-11T01:49:05.855060Z  WARN ExecutionServicer::run:ExecutionServicer::spawn_execution{wait_execution_completion=false}:inject_legacy_env_vars: execution_wrapper::legacy_env_vars: Skip injecting legacy env vars, distributed config host list is empty, setting only the defaults distributed_config=DistributedConfig { rank: Value(0), host_list: [], remote_grpc: None, batch_leader_port: None, is_distributed_parallel_task: Some(false), disable_fatal_ongoing_ssh_check_failure: false }
2026-08-11T01:49:05.855095Z  INFO ExecutionServicer::run:ExecutionServicer::spawn_execution{wait_execution_completion=false}:inject_legacy_env_vars: execution_wrapper::legacy_env_vars: Injecting AZ_BATCHAI_JOB_WORK_DIR=/mnt/azureml/cr/j/2334b4afdae04515a4cfe0af6f048c5e/exe/wd working_dir="/mnt/azureml/cr/j/2334b4afdae04515a4cfe0af6f048c5e/exe/wd"
2026-08-11T01:49:05.855134Z  INFO ExecutionServicer::run:ExecutionServicer::spawn_execution{wait_execution_completion=false}:inject_legacy_env_vars: execution_wrapper::legacy_env_vars: Injecting AZUREML_PROCESS_NAME=main as default
2026-08-11T01:49:05.855225Z  INFO ExecutionServicer::run:ExecutionServicer::spawn_execution{wait_execution_completion=false}:inject_legacy_env_vars:get_gpu_count: execution_wrapper::common: Get ComputeContext from env success compute_context=ComputeContext { cluster_name: "batch-cluster", node_id: Literal("tvmps_57475da59ad8b8592114217fe62f76ddd4d519e906053574cd0b33a3c4ccfbf3_d"), vm_id: Some("0a8a759c-1d27-4be0-ba96-39554b5a68db"), run_attempt_count: 1, gpu_count: Some(0), vm_size: Some("STANDARD_D4S_V3"), readable_cluster_name: Some("batch-cluster"), vm_priority: Some(Dedicated), use_vnet_or_private_link: false }
2026-08-11T01:49:05.855261Z  INFO ExecutionServicer::run:ExecutionServicer::spawn_execution{wait_execution_completion=false}:inject_legacy_env_vars:get_gpu_count: execution_wrapper::common: close time.busy=106µs time.idle=3.20µs
2026-08-11T01:49:05.855284Z  INFO ExecutionServicer::run:ExecutionServicer::spawn_execution{wait_execution_completion=false}:inject_legacy_env_vars:override_dc_env_vars: execution_wrapper::dc_env_vars: Updated env AZUREML_CR_EXECUTOR_CONFIG for spawned process
2026-08-11T01:49:05.855299Z  INFO ExecutionServicer::run:ExecutionServicer::spawn_execution{wait_execution_completion=false}:inject_legacy_env_vars:override_dc_env_vars: execution_wrapper::dc_env_vars: Updated env AZUREML_CR_DISTRIBUTED_CONFIG for spawned process
2026-08-11T01:49:05.855324Z  INFO ExecutionServicer::run:ExecutionServicer::spawn_execution{wait_execution_completion=false}:inject_legacy_env_vars:override_dc_env_vars: execution_wrapper::dc_env_vars: Updated env AZUREML_SERVICE_ENDPOINT for spawned process
2026-08-11T01:49:05.855343Z  INFO ExecutionServicer::run:ExecutionServicer::spawn_execution{wait_execution_completion=false}:inject_legacy_env_vars:override_dc_env_vars: execution_wrapper::dc_env_vars: Updated env AZUREML_SERVICE_CERT_ENDPOINT for spawned process
2026-08-11T01:49:05.855359Z  INFO ExecutionServicer::run:ExecutionServicer::spawn_execution{wait_execution_completion=false}:inject_legacy_env_vars:override_dc_env_vars: execution_wrapper::dc_env_vars: Updated env AZUREML_DISCOVERY_SERVICE_ENDPOINT for spawned process
2026-08-11T01:49:05.855378Z  INFO ExecutionServicer::run:ExecutionServicer::spawn_execution{wait_execution_completion=false}:inject_legacy_env_vars:override_dc_env_vars: execution_wrapper::dc_env_vars: Env var AZUREML_DEV_URL_MLFLOW is empty for current process
2026-08-11T01:49:05.855395Z  INFO ExecutionServicer::run:ExecutionServicer::spawn_execution{wait_execution_completion=false}:inject_legacy_env_vars:override_dc_env_vars: execution_wrapper::dc_env_vars: Updated env AZUREML_RUN_HISTORY_SERVICE_ENDPOINT for spawned process
2026-08-11T01:49:05.855414Z  INFO ExecutionServicer::run:ExecutionServicer::spawn_execution{wait_execution_completion=false}:inject_legacy_env_vars:override_dc_env_vars: execution_wrapper::dc_env_vars: close time.busy=131µs time.idle=2.30µs
2026-08-11T01:49:05.855431Z  INFO ExecutionServicer::run:ExecutionServicer::spawn_execution{wait_execution_completion=false}:inject_legacy_env_vars: execution_wrapper::legacy_env_vars: close time.busy=408µs time.idle=3.30µs
2026-08-11T01:49:05.855460Z  INFO ExecutionServicer::run:ExecutionServicer::spawn_execution{wait_execution_completion=false}: execution_wrapper::infiniband_utils: Is InfiniBand device present: false infiniband_device_path="/dev/infiniband/uverbs0"
2026-08-11T01:49:05.855491Z  INFO ExecutionServicer::run:ExecutionServicer::spawn_execution{wait_execution_completion=false}: execution_wrapper::service: Spawning execution
2026-08-11T01:49:05.856044Z  INFO ExecutionServicer::run:ExecutionServicer::spawn_execution{wait_execution_completion=false}:Execution::parse_commands: execution_wrapper::execution: close time.busy=215µs time.idle=3.90µs
2026-08-11T01:49:05.856602Z  INFO ExecutionServicer::run:ExecutionServicer::spawn_execution{wait_execution_completion=false}:Execution::spawn{wait_execution_completion=false}: execution_wrapper::execution: Spawning target process
2026-08-11T01:49:05.857609Z  INFO ExecutionServicer::run:ExecutionServicer::spawn_execution{wait_execution_completion=false}:Execution::spawn{wait_execution_completion=false}: execution_wrapper::execution: execution process spawned pid=18
2026-08-11T01:49:05.857785Z  INFO execution_wrapper::execution: start waiting for processes execution to complete num_processes=1
2026-08-11T01:49:05.857878Z  INFO Execution::wait_for_completion: execution_wrapper::execution::process_manager: ProcessManagerExecution state changing from PendingExecution to PendingExecution
2026-08-11T02:01:03.172539Z ERROR Execution::wait_for_completion: execution_wrapper::execution::process_manager: Failed blocking user process detected, process name: /azureml-envs/azureml_3770cedbcc642afd7a56c948b7a3c572/bin/python, process pid: 18, code: Some(42) success_return_code=Zero { additional_codes: [] } code=Some(42)
2026-08-11T02:01:03.172645Z  INFO Execution::wait_for_completion: execution_wrapper::execution::process_manager: ProcessManagerExecution state changing from PendingExecution to FailureDetected
2026-08-11T02:01:03.172725Z  INFO Execution::wait_for_completion: execution_wrapper::execution::process_manager: [FailureDetected] Successfully started sleeping task
2026-08-11T02:01:03.172828Z  INFO Execution::wait_for_completion: execution_wrapper::execution::process_manager: ProcessManagerExecution state changing from FailureDetected to ExecutionCompleted
2026-08-11T02:01:04.174018Z  INFO Execution::wait_for_completion: execution_wrapper::execution::process_manager: Start collecting process exit statuses
2026-08-11T02:01:04.174085Z  INFO Execution::wait_for_completion: execution_wrapper::execution::process_manager: Successfully collected the exit status of user process pid=18 process_name=/azureml-envs/azureml_3770cedbcc642afd7a56c948b7a3c572/bin/python killed_by_process_manager=false
2026-08-11T02:01:04.174181Z  INFO Execution::wait_for_completion: execution_wrapper::execution::process_manager: Process manager successfully collected the exit statuses of all user processes on current node
2026-08-11T02:01:04.174217Z  INFO Execution::wait_for_completion: execution_wrapper::execution::process_manager: ProcessManagerExecution state changing from ExecutionCompleted to CleanupStreamingTasks
2026-08-11T02:01:04.174253Z  INFO Execution::wait_for_completion: execution_wrapper::execution::process_manager: Start cleaning up execution log streaming tasks
2026-08-11T02:01:04.174280Z  INFO Execution::wait_for_completion: execution_wrapper::execution::process_manager: Process manager successfully aborted all streaming tasks for current execution
2026-08-11T02:01:04.174301Z  INFO Execution::wait_for_completion: execution_wrapper::execution: The stderr path is set, starting reading stderr from file. file_path="user_logs/std_log_0.txt"
2026-08-11T02:01:04.175035Z  INFO Execution::wait_for_completion: execution_wrapper::execution: Gathered execution result for rank 0 process_rank=0 exit_code=42 stderr_path=Some("user_logs/std_log_0.txt")
2026-08-11T02:01:04.175081Z  INFO Execution::wait_for_completion: execution_wrapper::execution: [wait_for_completion] execution process completed.
2026-08-11T02:01:04.181340Z  WARN Execution::wait_for_completion: execution_wrapper::detect_error: [Execution-wrapper::ErrorDetector] Failed to search OOM error from dmesg logs exception=General("non-zero exit code Some(1) from sh: ")
2026-08-11T02:01:04.181663Z  WARN Execution::wait_for_completion:ExecutionFinalizer::on_exit:ExecutionFinalizer::complete_execution: grpc_utils::span: failed to inject span context to grpc request
2026-08-11T02:01:04.181732Z  INFO Execution::wait_for_completion:ExecutionFinalizer::on_exit:ExecutionFinalizer::complete_execution:execution-wrapper::connect_to_callback_service: execution_wrapper::service: connecting to callback endpoint: /mnt/azureml/cr/j/2334b4afdae04515a4cfe0af6f048c5e/.grpc/lifecycler:0 client_address=/mnt/azureml/cr/j/2334b4afdae04515a4cfe0af6f048c5e/.grpc/lifecycler:0
2026-08-11T02:01:04.182114Z  INFO Execution::wait_for_completion:ExecutionFinalizer::on_exit:ExecutionFinalizer::complete_execution:execution-wrapper::connect_to_callback_service:connect: grpc_utils::endpoint::connect: Connecting to gRPC service endpoint=Uds("/mnt/azureml/cr/j/2334b4afdae04515a4cfe0af6f048c5e/.grpc/lifecycler:0") retry=FixedIntervalRetry { attempt_timeout_millis: 50, retry_delay_millis: 10, max_duration: 600s }
2026-08-11T02:01:04.182485Z  INFO Execution::wait_for_completion:ExecutionFinalizer::on_exit:ExecutionFinalizer::complete_execution:execution-wrapper::connect_to_callback_service:connect: grpc_utils::endpoint::connect: Successfully connected to gRPC service endpoint=Uds("/mnt/azureml/cr/j/2334b4afdae04515a4cfe0af6f048c5e/.grpc/lifecycler:0")
2026-08-11T02:01:04.182578Z  INFO Execution::wait_for_completion:ExecutionFinalizer::on_exit:ExecutionFinalizer::complete_execution:execution-wrapper::connect_to_callback_service:connect: grpc_utils::endpoint::connect: close time.busy=293µs time.idle=177µs
2026-08-11T02:01:04.182609Z  INFO Execution::wait_for_completion:ExecutionFinalizer::on_exit:ExecutionFinalizer::complete_execution:execution-wrapper::connect_to_callback_service: execution_wrapper::service: close time.busy=717µs time.idle=167µs
2026-08-11T02:01:04.183478Z  INFO Execution::wait_for_completion:ExecutionFinalizer::on_exit:ExecutionFinalizer::complete_execution: execution_wrapper::service: Completed execution id=c98e95cf-1d72-4cf7-bb31-e41b33aea065
2026-08-11T02:01:04.183836Z  INFO Execution::wait_for_completion:ExecutionFinalizer::on_exit:ExecutionFinalizer::complete_execution: execution_wrapper::service: close time.busy=1.23ms time.idle=952µs
2026-08-11T02:01:04.184010Z  INFO Execution::wait_for_completion:ExecutionFinalizer::on_exit: execution_wrapper::service: close time.busy=1.40ms time.idle=966µs
2026-08-11T02:01:04.184034Z  INFO ExecutionServicer::run:ExecutionServicer::spawn_execution{wait_execution_completion=false}:Execution::spawn{wait_execution_completion=false}: execution_wrapper::execution: close time.busy=1.46ms time.idle=718s
2026-08-11T02:01:04.184451Z  INFO ExecutionServicer::run:ExecutionServicer::spawn_execution{wait_execution_completion=false}: execution_wrapper::service: close time.busy=2.70ms time.idle=718s
2026-08-11T02:01:04.184461Z  INFO ExecutionServicer::run: execution_wrapper::service: close time.busy=2.84ms time.idle=718s
2026-08-11T02:01:04.184472Z  INFO Execution::wait_for_completion: execution_wrapper::execution: close time.busy=4.07ms time.idle=718s
2026-08-11T02:01:04.184483Z  INFO execution_wrapper::execution: process execution completed
