2026-08-11T02:56:20.294817Z  INFO telemetry: job_telemetry_init artifact_type=installed branch=b048ad42a221 ci_number=20260731.1 ci_name=CommonRuntime-RuntimeTeam-Linux-Prod-Build build_time=2026-07-31 07:25:57.462190
2026-08-11T02:56:20.295136Z  INFO run_execution_wrapper: execution_wrapper: Writing HWLOC_COMPONENTS=-gl to /etc/environment
2026-08-11T02:56:20.295867Z  WARN run_execution_wrapper: execution_wrapper: Failed to execute sudo command: No such file or directory (os error 2)
2026-08-11T02:56:20.295912Z  INFO run_execution_wrapper: execution_wrapper: Set HWLOC_COMPONENTS=-gl in current process environment
2026-08-11T02:56:20.297280Z  INFO run_execution_wrapper: execution_wrapper: Successfully dumped bootstrapping environment to file
2026-08-11T02:56:20.297315Z  INFO run_execution_wrapper: execution_wrapper: Enable std log streaming is not specified in executor configuration, default to not stream logs to stdout and stderr
2026-08-11T02:56:20.297332Z  INFO run_execution_wrapper: execution_wrapper: Enable termination signal handling is not specified in executor configuration, default to ignore termination signals
2026-08-11T02:56:20.297348Z  INFO run_execution_wrapper: execution_wrapper: Executor config not provided, certificates will not be updated.
2026-08-11T02:56:20.297389Z  INFO run_execution_wrapper:execution-wrapper::run_service{path_mapping_kind=None error_pattern_json_files_post_execution=None error_pattern_json_file_mid_execution=None enable_std_log_streaming=false skip_user_log_file_generation=false enable_termination_signal_handling=false}: execution_wrapper::service: serving execution service at executor_address=/mnt/azureml/cr/j/3170e99835ae49cfafa2c5e61b55d355/.grpc/executor:0
2026-08-11T02:56:20.297734Z  INFO run_execution_wrapper:execution-wrapper::run_service{path_mapping_kind=None error_pattern_json_files_post_execution=None error_pattern_json_file_mid_execution=None enable_std_log_streaming=false skip_user_log_file_generation=false enable_termination_signal_handling=false}: cr_core: Successfully configured current process to ignore termination signals
2026-08-11T02:56:20.297776Z  INFO run_execution_wrapper:execution-wrapper::run_service{path_mapping_kind=None error_pattern_json_files_post_execution=None error_pattern_json_file_mid_execution=None enable_std_log_streaming=false skip_user_log_file_generation=false enable_termination_signal_handling=false}:serve: grpc_utils::endpoint::serve: serving gRPC service endpoint=Uds("/mnt/azureml/cr/j/3170e99835ae49cfafa2c5e61b55d355/.grpc/executor:0") retry=ExponentialBackoffRetry { retry_delay_secs: 2, delay_factor: 1000, num_retries: 3 }
2026-08-11T02:57:04.415533Z  INFO ExecutionServicer::setup_execution_env: grpc_utils::server: Got grpc request request_name="setup_execution_env" remote_addr=None
2026-08-11T02:57:04.415644Z  INFO ExecutionServicer::setup_execution_env:PathMapper::do_mappings: execution_wrapper::path_mapping: Setting up path_mappings using Some(BindMount)
2026-08-11T02:57:04.415717Z  INFO ExecutionServicer::setup_execution_env:PathMapper::do_mappings:PathMapper::mount{source="/mnt/azureml/cr/j/3170e99835ae49cfafa2c5e61b55d355/cap/data-capability/wd/INPUT_score_model" target="/mnt/azureml/cr/j/3170e99835ae49cfafa2c5e61b55d355/exe/wd/e4147405-1ec1-4710-91f6-ec581804bbe2_score_model/taxi-model" sudo=false}: execution_wrapper::path_mapping: source is a directory, create dest as directory and ensure empty
2026-08-11T02:57:04.421466Z  INFO ExecutionServicer::setup_execution_env:PathMapper::do_mappings:PathMapper::mount{source="/mnt/azureml/cr/j/3170e99835ae49cfafa2c5e61b55d355/cap/data-capability/wd/INPUT_score_model" target="/mnt/azureml/cr/j/3170e99835ae49cfafa2c5e61b55d355/exe/wd/e4147405-1ec1-4710-91f6-ec581804bbe2_score_model/taxi-model" sudo=false}: execution_wrapper::path_mapping: close time.busy=2.67ms time.idle=3.10ms
2026-08-11T02:57:04.421512Z  INFO ExecutionServicer::setup_execution_env:PathMapper::do_mappings: execution_wrapper::path_mapping: close time.busy=2.78ms time.idle=3.10ms
2026-08-11T02:57:04.421524Z  INFO ExecutionServicer::setup_execution_env: execution_wrapper::service: path mapping completed
2026-08-11T02:57:04.421585Z  INFO ExecutionServicer::setup_execution_env: execution_wrapper::service: close time.busy=2.98ms time.idle=3.10ms
2026-08-11T02:57:04.422933Z  INFO ExecutionServicer::run: grpc_utils::server: Got grpc request request_name="run" remote_addr=None
2026-08-11T02:57:04.423016Z  INFO ExecutionServicer::run: execution_wrapper::service: file /opt/microsoft/singularity/unasignal/StopUserNode exists: false path=/opt/microsoft/singularity/unasignal/StopUserNode
2026-08-11T02:57:04.423105Z  INFO ExecutionServicer::run:ExecutionServicer::spawn_execution{wait_execution_completion=false}: execution_wrapper::service: spawn_execution request id="dcee1570-80d6-4d0a-813a-7cb7430244d9" client_address=Some("/mnt/azureml/cr/j/3170e99835ae49cfafa2c5e61b55d355/.grpc/lifecycler:0")
2026-08-11T02:57:04.423142Z  INFO ExecutionServicer::run:ExecutionServicer::spawn_execution{wait_execution_completion=false}:inject_legacy_env_vars: execution_wrapper::legacy_env_vars: Setting legacy env vars from distributed config distributed_config=DistributedConfig { rank: Value(0), host_list: [], remote_grpc: None, batch_leader_port: None, is_distributed_parallel_task: Some(false), disable_fatal_ongoing_ssh_check_failure: false }
2026-08-11T02:57:04.423177Z  WARN ExecutionServicer::run:ExecutionServicer::spawn_execution{wait_execution_completion=false}:inject_legacy_env_vars: execution_wrapper::legacy_env_vars: Skip injecting legacy env vars, distributed config host list is empty, setting only the defaults distributed_config=DistributedConfig { rank: Value(0), host_list: [], remote_grpc: None, batch_leader_port: None, is_distributed_parallel_task: Some(false), disable_fatal_ongoing_ssh_check_failure: false }
2026-08-11T02:57:04.423209Z  INFO ExecutionServicer::run:ExecutionServicer::spawn_execution{wait_execution_completion=false}:inject_legacy_env_vars: execution_wrapper::legacy_env_vars: Injecting AZ_BATCHAI_JOB_WORK_DIR=/mnt/azureml/cr/j/3170e99835ae49cfafa2c5e61b55d355/exe/wd working_dir="/mnt/azureml/cr/j/3170e99835ae49cfafa2c5e61b55d355/exe/wd"
2026-08-11T02:57:04.423252Z  INFO ExecutionServicer::run:ExecutionServicer::spawn_execution{wait_execution_completion=false}:inject_legacy_env_vars: execution_wrapper::legacy_env_vars: Injecting AZUREML_PROCESS_NAME=main as default
2026-08-11T02:57:04.423370Z  INFO ExecutionServicer::run:ExecutionServicer::spawn_execution{wait_execution_completion=false}:inject_legacy_env_vars:get_gpu_count: execution_wrapper::common: Get ComputeContext from env success compute_context=ComputeContext { cluster_name: "batch-cluster", node_id: Literal("tvmps_3c54f9fd696513175b6742f676a314c2e4889e15a445568ecc71d85efcf0d6ec_d"), vm_id: Some("92f7bbb1-a17f-4be4-8ec2-e3b361325b59"), run_attempt_count: 1, gpu_count: Some(0), vm_size: Some("STANDARD_D4S_V3"), readable_cluster_name: Some("batch-cluster"), vm_priority: Some(Dedicated), use_vnet_or_private_link: false }
2026-08-11T02:57:04.423420Z  INFO ExecutionServicer::run:ExecutionServicer::spawn_execution{wait_execution_completion=false}:inject_legacy_env_vars:get_gpu_count: execution_wrapper::common: close time.busy=134µs time.idle=4.00µs
2026-08-11T02:57:04.423457Z  INFO ExecutionServicer::run:ExecutionServicer::spawn_execution{wait_execution_completion=false}:inject_legacy_env_vars:override_dc_env_vars: execution_wrapper::dc_env_vars: Updated env AZUREML_CR_EXECUTOR_CONFIG for spawned process
2026-08-11T02:57:04.423481Z  INFO ExecutionServicer::run:ExecutionServicer::spawn_execution{wait_execution_completion=false}:inject_legacy_env_vars:override_dc_env_vars: execution_wrapper::dc_env_vars: Updated env AZUREML_CR_DISTRIBUTED_CONFIG for spawned process
2026-08-11T02:57:04.423502Z  INFO ExecutionServicer::run:ExecutionServicer::spawn_execution{wait_execution_completion=false}:inject_legacy_env_vars:override_dc_env_vars: execution_wrapper::dc_env_vars: Updated env AZUREML_SERVICE_ENDPOINT for spawned process
2026-08-11T02:57:04.423514Z  INFO ExecutionServicer::run:ExecutionServicer::spawn_execution{wait_execution_completion=false}:inject_legacy_env_vars:override_dc_env_vars: execution_wrapper::dc_env_vars: Updated env AZUREML_SERVICE_CERT_ENDPOINT for spawned process
2026-08-11T02:57:04.423543Z  INFO ExecutionServicer::run:ExecutionServicer::spawn_execution{wait_execution_completion=false}:inject_legacy_env_vars:override_dc_env_vars: execution_wrapper::dc_env_vars: Updated env AZUREML_DISCOVERY_SERVICE_ENDPOINT for spawned process
2026-08-11T02:57:04.423567Z  INFO ExecutionServicer::run:ExecutionServicer::spawn_execution{wait_execution_completion=false}:inject_legacy_env_vars:override_dc_env_vars: execution_wrapper::dc_env_vars: Env var AZUREML_DEV_URL_MLFLOW is empty for current process
2026-08-11T02:57:04.423584Z  INFO ExecutionServicer::run:ExecutionServicer::spawn_execution{wait_execution_completion=false}:inject_legacy_env_vars:override_dc_env_vars: execution_wrapper::dc_env_vars: Updated env AZUREML_RUN_HISTORY_SERVICE_ENDPOINT for spawned process
2026-08-11T02:57:04.423600Z  INFO ExecutionServicer::run:ExecutionServicer::spawn_execution{wait_execution_completion=false}:inject_legacy_env_vars:override_dc_env_vars: execution_wrapper::dc_env_vars: close time.busy=145µs time.idle=3.30µs
2026-08-11T02:57:04.423623Z  INFO ExecutionServicer::run:ExecutionServicer::spawn_execution{wait_execution_completion=false}:inject_legacy_env_vars: execution_wrapper::legacy_env_vars: close time.busy=481µs time.idle=3.30µs
2026-08-11T02:57:04.423647Z  INFO ExecutionServicer::run:ExecutionServicer::spawn_execution{wait_execution_completion=false}: execution_wrapper::infiniband_utils: Is InfiniBand device present: false infiniband_device_path="/dev/infiniband/uverbs0"
2026-08-11T02:57:04.423682Z  INFO ExecutionServicer::run:ExecutionServicer::spawn_execution{wait_execution_completion=false}: execution_wrapper::service: Spawning execution
2026-08-11T02:57:04.424234Z  INFO ExecutionServicer::run:ExecutionServicer::spawn_execution{wait_execution_completion=false}:Execution::parse_commands: execution_wrapper::execution: close time.busy=218µs time.idle=3.90µs
2026-08-11T02:57:04.424851Z  INFO ExecutionServicer::run:ExecutionServicer::spawn_execution{wait_execution_completion=false}:Execution::spawn{wait_execution_completion=false}: execution_wrapper::execution: Spawning target process
2026-08-11T02:57:04.425920Z  INFO ExecutionServicer::run:ExecutionServicer::spawn_execution{wait_execution_completion=false}:Execution::spawn{wait_execution_completion=false}: execution_wrapper::execution: execution process spawned pid=18
2026-08-11T02:57:04.426118Z  INFO execution_wrapper::execution: start waiting for processes execution to complete num_processes=1
2026-08-11T02:57:04.426224Z  INFO Execution::wait_for_completion: execution_wrapper::execution::process_manager: ProcessManagerExecution state changing from PendingExecution to PendingExecution
2026-08-11T03:09:01.545765Z ERROR Execution::wait_for_completion: execution_wrapper::execution::process_manager: Failed blocking user process detected, process name: /azureml-envs/azureml_284a5f433c4663bf233e7606ef4ee312/bin/python, process pid: 18, code: Some(42) success_return_code=Zero { additional_codes: [] } code=Some(42)
2026-08-11T03:09:01.545877Z  INFO Execution::wait_for_completion: execution_wrapper::execution::process_manager: ProcessManagerExecution state changing from PendingExecution to FailureDetected
2026-08-11T03:09:01.545929Z  INFO Execution::wait_for_completion: execution_wrapper::execution::process_manager: [FailureDetected] Successfully started sleeping task
2026-08-11T03:09:01.545971Z  INFO Execution::wait_for_completion: execution_wrapper::execution::process_manager: ProcessManagerExecution state changing from FailureDetected to ExecutionCompleted
2026-08-11T03:09:02.546296Z  INFO Execution::wait_for_completion: execution_wrapper::execution::process_manager: Start collecting process exit statuses
2026-08-11T03:09:02.546390Z  INFO Execution::wait_for_completion: execution_wrapper::execution::process_manager: Successfully collected the exit status of user process pid=18 process_name=/azureml-envs/azureml_284a5f433c4663bf233e7606ef4ee312/bin/python killed_by_process_manager=false
2026-08-11T03:09:02.546433Z  INFO Execution::wait_for_completion: execution_wrapper::execution::process_manager: Process manager successfully collected the exit statuses of all user processes on current node
2026-08-11T03:09:02.546485Z  INFO Execution::wait_for_completion: execution_wrapper::execution::process_manager: ProcessManagerExecution state changing from ExecutionCompleted to CleanupStreamingTasks
2026-08-11T03:09:02.546545Z  INFO Execution::wait_for_completion: execution_wrapper::execution::process_manager: Start cleaning up execution log streaming tasks
2026-08-11T03:09:02.546576Z  INFO Execution::wait_for_completion: execution_wrapper::execution::process_manager: Process manager successfully aborted all streaming tasks for current execution
2026-08-11T03:09:02.546607Z  INFO Execution::wait_for_completion: execution_wrapper::execution: The stderr path is set, starting reading stderr from file. file_path="user_logs/std_log_0.txt"
2026-08-11T03:09:02.547323Z  INFO Execution::wait_for_completion: execution_wrapper::execution: Gathered execution result for rank 0 process_rank=0 exit_code=42 stderr_path=Some("user_logs/std_log_0.txt")
2026-08-11T03:09:02.547397Z  INFO Execution::wait_for_completion: execution_wrapper::execution: [wait_for_completion] execution process completed.
2026-08-11T03:09:02.553985Z  WARN Execution::wait_for_completion: execution_wrapper::detect_error: [Execution-wrapper::ErrorDetector] Failed to search OOM error from dmesg logs exception=General("non-zero exit code Some(1) from sh: ")
2026-08-11T03:09:02.554394Z  WARN Execution::wait_for_completion:ExecutionFinalizer::on_exit:ExecutionFinalizer::complete_execution: grpc_utils::span: failed to inject span context to grpc request
2026-08-11T03:09:02.554452Z  INFO Execution::wait_for_completion:ExecutionFinalizer::on_exit:ExecutionFinalizer::complete_execution:execution-wrapper::connect_to_callback_service: execution_wrapper::service: connecting to callback endpoint: /mnt/azureml/cr/j/3170e99835ae49cfafa2c5e61b55d355/.grpc/lifecycler:0 client_address=/mnt/azureml/cr/j/3170e99835ae49cfafa2c5e61b55d355/.grpc/lifecycler:0
2026-08-11T03:09:02.554984Z  INFO Execution::wait_for_completion:ExecutionFinalizer::on_exit:ExecutionFinalizer::complete_execution:execution-wrapper::connect_to_callback_service:connect: grpc_utils::endpoint::connect: Connecting to gRPC service endpoint=Uds("/mnt/azureml/cr/j/3170e99835ae49cfafa2c5e61b55d355/.grpc/lifecycler:0") retry=FixedIntervalRetry { attempt_timeout_millis: 50, retry_delay_millis: 10, max_duration: 600s }
2026-08-11T03:09:02.555268Z  INFO Execution::wait_for_completion:ExecutionFinalizer::on_exit:ExecutionFinalizer::complete_execution:execution-wrapper::connect_to_callback_service:connect: grpc_utils::endpoint::connect: Successfully connected to gRPC service endpoint=Uds("/mnt/azureml/cr/j/3170e99835ae49cfafa2c5e61b55d355/.grpc/lifecycler:0")
2026-08-11T03:09:02.555448Z  INFO Execution::wait_for_completion:ExecutionFinalizer::on_exit:ExecutionFinalizer::complete_execution:execution-wrapper::connect_to_callback_service:connect: grpc_utils::endpoint::connect: close time.busy=426µs time.idle=44.0µs
2026-08-11T03:09:02.555491Z  INFO Execution::wait_for_completion:ExecutionFinalizer::on_exit:ExecutionFinalizer::complete_execution:execution-wrapper::connect_to_callback_service: execution_wrapper::service: close time.busy=1.00ms time.idle=38.7µs
2026-08-11T03:09:02.556303Z  INFO Execution::wait_for_completion:ExecutionFinalizer::on_exit:ExecutionFinalizer::complete_execution: execution_wrapper::service: Completed execution id=dcee1570-80d6-4d0a-813a-7cb7430244d9
2026-08-11T03:09:02.556350Z  INFO Execution::wait_for_completion:ExecutionFinalizer::on_exit:ExecutionFinalizer::complete_execution: execution_wrapper::service: close time.busy=1.18ms time.idle=787µs
2026-08-11T03:09:02.556365Z  INFO Execution::wait_for_completion:ExecutionFinalizer::on_exit: execution_wrapper::service: close time.busy=1.19ms time.idle=803µs
2026-08-11T03:09:02.556376Z  INFO ExecutionServicer::run:ExecutionServicer::spawn_execution{wait_execution_completion=false}:Execution::spawn{wait_execution_completion=false}: execution_wrapper::execution: close time.busy=1.55ms time.idle=718s
2026-08-11T03:09:02.556385Z  INFO ExecutionServicer::run:ExecutionServicer::spawn_execution{wait_execution_completion=false}: execution_wrapper::service: close time.busy=2.91ms time.idle=718s
2026-08-11T03:09:02.556394Z  INFO ExecutionServicer::run: execution_wrapper::service: close time.busy=3.08ms time.idle=718s
2026-08-11T03:09:02.556404Z  INFO Execution::wait_for_completion: execution_wrapper::execution: close time.busy=3.45ms time.idle=718s
2026-08-11T03:09:02.556412Z  INFO execution_wrapper::execution: process execution completed
