2026-08-11T03:13:03.740907Z  INFO telemetry: job_telemetry_init artifact_type=installed branch=b048ad42a221 ci_number=20260731.1 ci_name=CommonRuntime-RuntimeTeam-Linux-Prod-Build build_time=2026-07-31 07:25:57.462190
2026-08-11T03:13:03.741675Z  INFO run_execution_wrapper: execution_wrapper: Writing HWLOC_COMPONENTS=-gl to /etc/environment
2026-08-11T03:13:03.742506Z  WARN run_execution_wrapper: execution_wrapper: Failed to execute sudo command: No such file or directory (os error 2)
2026-08-11T03:13:03.742711Z  INFO run_execution_wrapper: execution_wrapper: Set HWLOC_COMPONENTS=-gl in current process environment
2026-08-11T03:13:03.746411Z  INFO run_execution_wrapper: execution_wrapper: Successfully dumped bootstrapping environment to file
2026-08-11T03:13:03.746471Z  INFO run_execution_wrapper: execution_wrapper: Enable std log streaming is not specified in executor configuration, default to not stream logs to stdout and stderr
2026-08-11T03:13:03.746493Z  INFO run_execution_wrapper: execution_wrapper: Enable termination signal handling is not specified in executor configuration, default to ignore termination signals
2026-08-11T03:13:03.746531Z  INFO run_execution_wrapper: execution_wrapper: Executor config not provided, certificates will not be updated.
2026-08-11T03:13:03.746580Z  INFO run_execution_wrapper:execution-wrapper::run_service{path_mapping_kind=None error_pattern_json_files_post_execution=None error_pattern_json_file_mid_execution=None enable_std_log_streaming=false skip_user_log_file_generation=false enable_termination_signal_handling=false}: execution_wrapper::service: serving execution service at executor_address=/mnt/azureml/cr/j/e5459436487641e9a75e060fecdb360f/.grpc/executor:0
2026-08-11T03:13:03.747300Z  INFO run_execution_wrapper:execution-wrapper::run_service{path_mapping_kind=None error_pattern_json_files_post_execution=None error_pattern_json_file_mid_execution=None enable_std_log_streaming=false skip_user_log_file_generation=false enable_termination_signal_handling=false}: cr_core: Successfully configured current process to ignore termination signals
2026-08-11T03:13:03.747349Z  INFO run_execution_wrapper:execution-wrapper::run_service{path_mapping_kind=None error_pattern_json_files_post_execution=None error_pattern_json_file_mid_execution=None enable_std_log_streaming=false skip_user_log_file_generation=false enable_termination_signal_handling=false}:serve: grpc_utils::endpoint::serve: serving gRPC service endpoint=Uds("/mnt/azureml/cr/j/e5459436487641e9a75e060fecdb360f/.grpc/executor:0") retry=ExponentialBackoffRetry { retry_delay_secs: 2, delay_factor: 1000, num_retries: 3 }
2026-08-11T03:13:11.280410Z  INFO ExecutionServicer::setup_execution_env: grpc_utils::server: Got grpc request request_name="setup_execution_env" remote_addr=None
2026-08-11T03:13:11.280493Z  INFO ExecutionServicer::setup_execution_env:PathMapper::do_mappings: execution_wrapper::path_mapping: Setting up path_mappings using Some(BindMount)
2026-08-11T03:13:11.280559Z  INFO ExecutionServicer::setup_execution_env:PathMapper::do_mappings:PathMapper::mount{source="/mnt/azureml/cr/j/e5459436487641e9a75e060fecdb360f/cap/data-capability/wd/INPUT_score_model" target="/mnt/azureml/cr/j/e5459436487641e9a75e060fecdb360f/exe/wd/e4147405-1ec1-4710-91f6-ec581804bbe2_score_model/taxi-model" sudo=false}: execution_wrapper::path_mapping: source is a directory, create dest as directory and ensure empty
2026-08-11T03:13:11.285913Z  INFO ExecutionServicer::setup_execution_env:PathMapper::do_mappings:PathMapper::mount{source="/mnt/azureml/cr/j/e5459436487641e9a75e060fecdb360f/cap/data-capability/wd/INPUT_score_model" target="/mnt/azureml/cr/j/e5459436487641e9a75e060fecdb360f/exe/wd/e4147405-1ec1-4710-91f6-ec581804bbe2_score_model/taxi-model" sudo=false}: execution_wrapper::path_mapping: close time.busy=2.50ms time.idle=2.87ms
2026-08-11T03:13:11.285970Z  INFO ExecutionServicer::setup_execution_env:PathMapper::do_mappings: execution_wrapper::path_mapping: close time.busy=2.62ms time.idle=2.87ms
2026-08-11T03:13:11.285986Z  INFO ExecutionServicer::setup_execution_env: execution_wrapper::service: path mapping completed
2026-08-11T03:13:11.286074Z  INFO ExecutionServicer::setup_execution_env: execution_wrapper::service: close time.busy=2.82ms time.idle=2.87ms
2026-08-11T03:13:11.287407Z  INFO ExecutionServicer::run: grpc_utils::server: Got grpc request request_name="run" remote_addr=None
2026-08-11T03:13:11.287486Z  INFO ExecutionServicer::run: execution_wrapper::service: file /opt/microsoft/singularity/unasignal/StopUserNode exists: false path=/opt/microsoft/singularity/unasignal/StopUserNode
2026-08-11T03:13:11.287544Z  INFO ExecutionServicer::run:ExecutionServicer::spawn_execution{wait_execution_completion=false}: execution_wrapper::service: spawn_execution request id="3060da18-f040-4e8c-a352-a7f85760d124" client_address=Some("/mnt/azureml/cr/j/e5459436487641e9a75e060fecdb360f/.grpc/lifecycler:0")
2026-08-11T03:13:11.287583Z  INFO ExecutionServicer::run:ExecutionServicer::spawn_execution{wait_execution_completion=false}:inject_legacy_env_vars: execution_wrapper::legacy_env_vars: Setting legacy env vars from distributed config distributed_config=DistributedConfig { rank: Value(0), host_list: [], remote_grpc: None, batch_leader_port: None, is_distributed_parallel_task: Some(false), disable_fatal_ongoing_ssh_check_failure: false }
2026-08-11T03:13:11.287615Z  WARN ExecutionServicer::run:ExecutionServicer::spawn_execution{wait_execution_completion=false}:inject_legacy_env_vars: execution_wrapper::legacy_env_vars: Skip injecting legacy env vars, distributed config host list is empty, setting only the defaults distributed_config=DistributedConfig { rank: Value(0), host_list: [], remote_grpc: None, batch_leader_port: None, is_distributed_parallel_task: Some(false), disable_fatal_ongoing_ssh_check_failure: false }
2026-08-11T03:13:11.287655Z  INFO ExecutionServicer::run:ExecutionServicer::spawn_execution{wait_execution_completion=false}:inject_legacy_env_vars: execution_wrapper::legacy_env_vars: Injecting AZ_BATCHAI_JOB_WORK_DIR=/mnt/azureml/cr/j/e5459436487641e9a75e060fecdb360f/exe/wd working_dir="/mnt/azureml/cr/j/e5459436487641e9a75e060fecdb360f/exe/wd"
2026-08-11T03:13:11.287686Z  INFO ExecutionServicer::run:ExecutionServicer::spawn_execution{wait_execution_completion=false}:inject_legacy_env_vars: execution_wrapper::legacy_env_vars: Injecting AZUREML_PROCESS_NAME=main as default
2026-08-11T03:13:11.287789Z  INFO ExecutionServicer::run:ExecutionServicer::spawn_execution{wait_execution_completion=false}:inject_legacy_env_vars:get_gpu_count: execution_wrapper::common: Get ComputeContext from env success compute_context=ComputeContext { cluster_name: "batch-cluster", node_id: Literal("tvmps_3c54f9fd696513175b6742f676a314c2e4889e15a445568ecc71d85efcf0d6ec_d"), vm_id: Some("92f7bbb1-a17f-4be4-8ec2-e3b361325b59"), run_attempt_count: 1, gpu_count: Some(0), vm_size: Some("STANDARD_D4S_V3"), readable_cluster_name: Some("batch-cluster"), vm_priority: Some(Dedicated), use_vnet_or_private_link: false }
2026-08-11T03:13:11.287838Z  INFO ExecutionServicer::run:ExecutionServicer::spawn_execution{wait_execution_completion=false}:inject_legacy_env_vars:get_gpu_count: execution_wrapper::common: close time.busy=126µs time.idle=4.20µs
2026-08-11T03:13:11.287875Z  INFO ExecutionServicer::run:ExecutionServicer::spawn_execution{wait_execution_completion=false}:inject_legacy_env_vars:override_dc_env_vars: execution_wrapper::dc_env_vars: Updated env AZUREML_CR_EXECUTOR_CONFIG for spawned process
2026-08-11T03:13:11.287906Z  INFO ExecutionServicer::run:ExecutionServicer::spawn_execution{wait_execution_completion=false}:inject_legacy_env_vars:override_dc_env_vars: execution_wrapper::dc_env_vars: Updated env AZUREML_CR_DISTRIBUTED_CONFIG for spawned process
2026-08-11T03:13:11.287929Z  INFO ExecutionServicer::run:ExecutionServicer::spawn_execution{wait_execution_completion=false}:inject_legacy_env_vars:override_dc_env_vars: execution_wrapper::dc_env_vars: Updated env AZUREML_SERVICE_ENDPOINT for spawned process
2026-08-11T03:13:11.287963Z  INFO ExecutionServicer::run:ExecutionServicer::spawn_execution{wait_execution_completion=false}:inject_legacy_env_vars:override_dc_env_vars: execution_wrapper::dc_env_vars: Updated env AZUREML_SERVICE_CERT_ENDPOINT for spawned process
2026-08-11T03:13:11.287986Z  INFO ExecutionServicer::run:ExecutionServicer::spawn_execution{wait_execution_completion=false}:inject_legacy_env_vars:override_dc_env_vars: execution_wrapper::dc_env_vars: Updated env AZUREML_DISCOVERY_SERVICE_ENDPOINT for spawned process
2026-08-11T03:13:11.288022Z  INFO ExecutionServicer::run:ExecutionServicer::spawn_execution{wait_execution_completion=false}:inject_legacy_env_vars:override_dc_env_vars: execution_wrapper::dc_env_vars: Env var AZUREML_DEV_URL_MLFLOW is empty for current process
2026-08-11T03:13:11.288072Z  INFO ExecutionServicer::run:ExecutionServicer::spawn_execution{wait_execution_completion=false}:inject_legacy_env_vars:override_dc_env_vars: execution_wrapper::dc_env_vars: Updated env AZUREML_RUN_HISTORY_SERVICE_ENDPOINT for spawned process
2026-08-11T03:13:11.288101Z  INFO ExecutionServicer::run:ExecutionServicer::spawn_execution{wait_execution_completion=false}:inject_legacy_env_vars:override_dc_env_vars: execution_wrapper::dc_env_vars: close time.busy=228µs time.idle=3.30µs
2026-08-11T03:13:11.288153Z  INFO ExecutionServicer::run:ExecutionServicer::spawn_execution{wait_execution_completion=false}:inject_legacy_env_vars: execution_wrapper::legacy_env_vars: close time.busy=571µs time.idle=3.50µs
2026-08-11T03:13:11.288182Z  INFO ExecutionServicer::run:ExecutionServicer::spawn_execution{wait_execution_completion=false}: execution_wrapper::infiniband_utils: Is InfiniBand device present: false infiniband_device_path="/dev/infiniband/uverbs0"
2026-08-11T03:13:11.288223Z  INFO ExecutionServicer::run:ExecutionServicer::spawn_execution{wait_execution_completion=false}: execution_wrapper::service: Spawning execution
2026-08-11T03:13:11.288713Z  INFO ExecutionServicer::run:ExecutionServicer::spawn_execution{wait_execution_completion=false}:Execution::parse_commands: execution_wrapper::execution: close time.busy=178µs time.idle=4.00µs
2026-08-11T03:13:11.289287Z  INFO ExecutionServicer::run:ExecutionServicer::spawn_execution{wait_execution_completion=false}:Execution::spawn{wait_execution_completion=false}: execution_wrapper::execution: Spawning target process
2026-08-11T03:13:11.290432Z  INFO ExecutionServicer::run:ExecutionServicer::spawn_execution{wait_execution_completion=false}:Execution::spawn{wait_execution_completion=false}: execution_wrapper::execution: execution process spawned pid=18
2026-08-11T03:13:11.290735Z  INFO execution_wrapper::execution: start waiting for processes execution to complete num_processes=1
2026-08-11T03:13:11.290799Z  INFO Execution::wait_for_completion: execution_wrapper::execution::process_manager: ProcessManagerExecution state changing from PendingExecution to PendingExecution
2026-08-11T03:14:53.177853Z ERROR Execution::wait_for_completion: execution_wrapper::execution::process_manager: Failed blocking user process detected, process name: /azureml-envs/azureml_284a5f433c4663bf233e7606ef4ee312/bin/python, process pid: 18, code: Some(42) success_return_code=Zero { additional_codes: [] } code=Some(42)
2026-08-11T03:14:53.177966Z  INFO Execution::wait_for_completion: execution_wrapper::execution::process_manager: ProcessManagerExecution state changing from PendingExecution to FailureDetected
2026-08-11T03:14:53.178009Z  INFO Execution::wait_for_completion: execution_wrapper::execution::process_manager: [FailureDetected] Successfully started sleeping task
2026-08-11T03:14:53.178056Z  INFO Execution::wait_for_completion: execution_wrapper::execution::process_manager: ProcessManagerExecution state changing from FailureDetected to ExecutionCompleted
2026-08-11T03:14:54.179118Z  INFO Execution::wait_for_completion: execution_wrapper::execution::process_manager: Start collecting process exit statuses
2026-08-11T03:14:54.179192Z  INFO Execution::wait_for_completion: execution_wrapper::execution::process_manager: Successfully collected the exit status of user process pid=18 process_name=/azureml-envs/azureml_284a5f433c4663bf233e7606ef4ee312/bin/python killed_by_process_manager=false
2026-08-11T03:14:54.179248Z  INFO Execution::wait_for_completion: execution_wrapper::execution::process_manager: Process manager successfully collected the exit statuses of all user processes on current node
2026-08-11T03:14:54.179298Z  INFO Execution::wait_for_completion: execution_wrapper::execution::process_manager: ProcessManagerExecution state changing from ExecutionCompleted to CleanupStreamingTasks
2026-08-11T03:14:54.179355Z  INFO Execution::wait_for_completion: execution_wrapper::execution::process_manager: Start cleaning up execution log streaming tasks
2026-08-11T03:14:54.179383Z  INFO Execution::wait_for_completion: execution_wrapper::execution::process_manager: Process manager successfully aborted all streaming tasks for current execution
2026-08-11T03:14:54.179414Z  INFO Execution::wait_for_completion: execution_wrapper::execution: The stderr path is set, starting reading stderr from file. file_path="user_logs/std_log_0.txt"
2026-08-11T03:14:54.180003Z  INFO Execution::wait_for_completion: execution_wrapper::execution: Gathered execution result for rank 0 process_rank=0 exit_code=42 stderr_path=Some("user_logs/std_log_0.txt")
2026-08-11T03:14:54.180093Z  INFO Execution::wait_for_completion: execution_wrapper::execution: [wait_for_completion] execution process completed.
2026-08-11T03:14:54.185782Z  WARN Execution::wait_for_completion: execution_wrapper::detect_error: [Execution-wrapper::ErrorDetector] Failed to search OOM error from dmesg logs exception=General("non-zero exit code Some(1) from sh: ")
2026-08-11T03:14:54.186106Z  WARN Execution::wait_for_completion:ExecutionFinalizer::on_exit:ExecutionFinalizer::complete_execution: grpc_utils::span: failed to inject span context to grpc request
2026-08-11T03:14:54.186160Z  INFO Execution::wait_for_completion:ExecutionFinalizer::on_exit:ExecutionFinalizer::complete_execution:execution-wrapper::connect_to_callback_service: execution_wrapper::service: connecting to callback endpoint: /mnt/azureml/cr/j/e5459436487641e9a75e060fecdb360f/.grpc/lifecycler:0 client_address=/mnt/azureml/cr/j/e5459436487641e9a75e060fecdb360f/.grpc/lifecycler:0
2026-08-11T03:14:54.186683Z  INFO Execution::wait_for_completion:ExecutionFinalizer::on_exit:ExecutionFinalizer::complete_execution:execution-wrapper::connect_to_callback_service:connect: grpc_utils::endpoint::connect: Connecting to gRPC service endpoint=Uds("/mnt/azureml/cr/j/e5459436487641e9a75e060fecdb360f/.grpc/lifecycler:0") retry=FixedIntervalRetry { attempt_timeout_millis: 50, retry_delay_millis: 10, max_duration: 600s }
2026-08-11T03:14:54.186901Z  INFO Execution::wait_for_completion:ExecutionFinalizer::on_exit:ExecutionFinalizer::complete_execution:execution-wrapper::connect_to_callback_service:connect: grpc_utils::endpoint::connect: Successfully connected to gRPC service endpoint=Uds("/mnt/azureml/cr/j/e5459436487641e9a75e060fecdb360f/.grpc/lifecycler:0")
2026-08-11T03:14:54.186957Z  INFO Execution::wait_for_completion:ExecutionFinalizer::on_exit:ExecutionFinalizer::complete_execution:execution-wrapper::connect_to_callback_service:connect: grpc_utils::endpoint::connect: close time.busy=246µs time.idle=36.4µs
2026-08-11T03:14:54.186988Z  INFO Execution::wait_for_completion:ExecutionFinalizer::on_exit:ExecutionFinalizer::complete_execution:execution-wrapper::connect_to_callback_service: execution_wrapper::service: close time.busy=805µs time.idle=29.0µs
2026-08-11T03:14:54.187793Z  INFO Execution::wait_for_completion:ExecutionFinalizer::on_exit:ExecutionFinalizer::complete_execution: execution_wrapper::service: Completed execution id=3060da18-f040-4e8c-a352-a7f85760d124
2026-08-11T03:14:54.187848Z  INFO Execution::wait_for_completion:ExecutionFinalizer::on_exit:ExecutionFinalizer::complete_execution: execution_wrapper::service: close time.busy=1.02ms time.idle=730µs
2026-08-11T03:14:54.187868Z  INFO Execution::wait_for_completion:ExecutionFinalizer::on_exit: execution_wrapper::service: close time.busy=1.04ms time.idle=757µs
2026-08-11T03:14:54.187878Z  INFO ExecutionServicer::run:ExecutionServicer::spawn_execution{wait_execution_completion=false}:Execution::spawn{wait_execution_completion=false}: execution_wrapper::execution: close time.busy=1.59ms time.idle=103s
2026-08-11T03:14:54.187889Z  INFO ExecutionServicer::run:ExecutionServicer::spawn_execution{wait_execution_completion=false}: execution_wrapper::service: close time.busy=2.94ms time.idle=103s
2026-08-11T03:14:54.187898Z  INFO ExecutionServicer::run: execution_wrapper::service: close time.busy=3.08ms time.idle=103s
2026-08-11T03:14:54.187907Z  INFO Execution::wait_for_completion: execution_wrapper::execution: close time.busy=3.02ms time.idle=103s
2026-08-11T03:14:54.187917Z  INFO execution_wrapper::execution: process execution completed
