2026-08-11T02:32:38.383338Z  INFO telemetry: job_telemetry_init artifact_type=installed branch=b048ad42a221 ci_number=20260731.1 ci_name=CommonRuntime-RuntimeTeam-Linux-Prod-Build build_time=2026-07-31 07:25:57.462190
2026-08-11T02:32:38.383634Z  INFO run_execution_wrapper: execution_wrapper: Writing HWLOC_COMPONENTS=-gl to /etc/environment
2026-08-11T02:32:38.384224Z  WARN run_execution_wrapper: execution_wrapper: Failed to execute sudo command: No such file or directory (os error 2)
2026-08-11T02:32:38.384267Z  INFO run_execution_wrapper: execution_wrapper: Set HWLOC_COMPONENTS=-gl in current process environment
2026-08-11T02:32:38.385400Z  INFO run_execution_wrapper: execution_wrapper: Successfully dumped bootstrapping environment to file
2026-08-11T02:32:38.385438Z  INFO run_execution_wrapper: execution_wrapper: Enable std log streaming is not specified in executor configuration, default to not stream logs to stdout and stderr
2026-08-11T02:32:38.385466Z  INFO run_execution_wrapper: execution_wrapper: Enable termination signal handling is not specified in executor configuration, default to ignore termination signals
2026-08-11T02:32:38.385483Z  INFO run_execution_wrapper: execution_wrapper: Executor config not provided, certificates will not be updated.
2026-08-11T02:32:38.385518Z  INFO run_execution_wrapper:execution-wrapper::run_service{path_mapping_kind=None error_pattern_json_files_post_execution=None error_pattern_json_file_mid_execution=None enable_std_log_streaming=false skip_user_log_file_generation=false enable_termination_signal_handling=false}: execution_wrapper::service: serving execution service at executor_address=/mnt/azureml/cr/j/7ddd00d0c03d4271a499472a1bb0e837/.grpc/executor:0
2026-08-11T02:32:38.385846Z  INFO run_execution_wrapper:execution-wrapper::run_service{path_mapping_kind=None error_pattern_json_files_post_execution=None error_pattern_json_file_mid_execution=None enable_std_log_streaming=false skip_user_log_file_generation=false enable_termination_signal_handling=false}: cr_core: Successfully configured current process to ignore termination signals
2026-08-11T02:32:38.385929Z  INFO run_execution_wrapper:execution-wrapper::run_service{path_mapping_kind=None error_pattern_json_files_post_execution=None error_pattern_json_file_mid_execution=None enable_std_log_streaming=false skip_user_log_file_generation=false enable_termination_signal_handling=false}:serve: grpc_utils::endpoint::serve: serving gRPC service endpoint=Uds("/mnt/azureml/cr/j/7ddd00d0c03d4271a499472a1bb0e837/.grpc/executor:0") retry=ExponentialBackoffRetry { retry_delay_secs: 2, delay_factor: 1000, num_retries: 3 }
2026-08-11T02:33:29.632112Z  INFO ExecutionServicer::setup_execution_env: grpc_utils::server: Got grpc request request_name="setup_execution_env" remote_addr=None
2026-08-11T02:33:29.632222Z  INFO ExecutionServicer::setup_execution_env:PathMapper::do_mappings: execution_wrapper::path_mapping: Setting up path_mappings using Some(BindMount)
2026-08-11T02:33:29.632308Z  INFO ExecutionServicer::setup_execution_env:PathMapper::do_mappings:PathMapper::mount{source="/mnt/azureml/cr/j/7ddd00d0c03d4271a499472a1bb0e837/cap/data-capability/wd/INPUT_score_model" target="/mnt/azureml/cr/j/7ddd00d0c03d4271a499472a1bb0e837/exe/wd/e4147405-1ec1-4710-91f6-ec581804bbe2_score_model/taxi-model" sudo=false}: execution_wrapper::path_mapping: source is a directory, create dest as directory and ensure empty
2026-08-11T02:33:29.639666Z  INFO ExecutionServicer::setup_execution_env:PathMapper::do_mappings:PathMapper::mount{source="/mnt/azureml/cr/j/7ddd00d0c03d4271a499472a1bb0e837/cap/data-capability/wd/INPUT_score_model" target="/mnt/azureml/cr/j/7ddd00d0c03d4271a499472a1bb0e837/exe/wd/e4147405-1ec1-4710-91f6-ec581804bbe2_score_model/taxi-model" sudo=false}: execution_wrapper::path_mapping: close time.busy=3.50ms time.idle=3.89ms
2026-08-11T02:33:29.639731Z  INFO ExecutionServicer::setup_execution_env:PathMapper::do_mappings: execution_wrapper::path_mapping: close time.busy=3.63ms time.idle=3.89ms
2026-08-11T02:33:29.639755Z  INFO ExecutionServicer::setup_execution_env: execution_wrapper::service: path mapping completed
2026-08-11T02:33:29.639877Z  INFO ExecutionServicer::setup_execution_env: execution_wrapper::service: close time.busy=3.91ms time.idle=3.89ms
2026-08-11T02:33:29.641420Z  INFO ExecutionServicer::run: grpc_utils::server: Got grpc request request_name="run" remote_addr=None
2026-08-11T02:33:29.641538Z  INFO ExecutionServicer::run: execution_wrapper::service: file /opt/microsoft/singularity/unasignal/StopUserNode exists: false path=/opt/microsoft/singularity/unasignal/StopUserNode
2026-08-11T02:33:29.641606Z  INFO ExecutionServicer::run:ExecutionServicer::spawn_execution{wait_execution_completion=false}: execution_wrapper::service: spawn_execution request id="a97b8654-c2f5-4818-9bcb-05543e40fb9f" client_address=Some("/mnt/azureml/cr/j/7ddd00d0c03d4271a499472a1bb0e837/.grpc/lifecycler:0")
2026-08-11T02:33:29.641650Z  INFO ExecutionServicer::run:ExecutionServicer::spawn_execution{wait_execution_completion=false}:inject_legacy_env_vars: execution_wrapper::legacy_env_vars: Setting legacy env vars from distributed config distributed_config=DistributedConfig { rank: Value(0), host_list: [], remote_grpc: None, batch_leader_port: None, is_distributed_parallel_task: Some(false), disable_fatal_ongoing_ssh_check_failure: false }
2026-08-11T02:33:29.641686Z  WARN ExecutionServicer::run:ExecutionServicer::spawn_execution{wait_execution_completion=false}:inject_legacy_env_vars: execution_wrapper::legacy_env_vars: Skip injecting legacy env vars, distributed config host list is empty, setting only the defaults distributed_config=DistributedConfig { rank: Value(0), host_list: [], remote_grpc: None, batch_leader_port: None, is_distributed_parallel_task: Some(false), disable_fatal_ongoing_ssh_check_failure: false }
2026-08-11T02:33:29.641725Z  INFO ExecutionServicer::run:ExecutionServicer::spawn_execution{wait_execution_completion=false}:inject_legacy_env_vars: execution_wrapper::legacy_env_vars: Injecting AZ_BATCHAI_JOB_WORK_DIR=/mnt/azureml/cr/j/7ddd00d0c03d4271a499472a1bb0e837/exe/wd working_dir="/mnt/azureml/cr/j/7ddd00d0c03d4271a499472a1bb0e837/exe/wd"
2026-08-11T02:33:29.641764Z  INFO ExecutionServicer::run:ExecutionServicer::spawn_execution{wait_execution_completion=false}:inject_legacy_env_vars: execution_wrapper::legacy_env_vars: Injecting AZUREML_PROCESS_NAME=main as default
2026-08-11T02:33:29.641894Z  INFO ExecutionServicer::run:ExecutionServicer::spawn_execution{wait_execution_completion=false}:inject_legacy_env_vars:get_gpu_count: execution_wrapper::common: Get ComputeContext from env success compute_context=ComputeContext { cluster_name: "batch-cluster", node_id: Literal("tvmps_209a0f1eaaca862354be007af62322bf4b701e7c3d6ec586b42b5806d9493a50_d"), vm_id: Some("e876983f-7f30-4a18-82cf-dc76c8588f17"), run_attempt_count: 1, gpu_count: Some(0), vm_size: Some("STANDARD_D4S_V3"), readable_cluster_name: Some("batch-cluster"), vm_priority: Some(Dedicated), use_vnet_or_private_link: false }
2026-08-11T02:33:29.641941Z  INFO ExecutionServicer::run:ExecutionServicer::spawn_execution{wait_execution_completion=false}:inject_legacy_env_vars:get_gpu_count: execution_wrapper::common: close time.busy=135µs time.idle=4.80µs
2026-08-11T02:33:29.641976Z  INFO ExecutionServicer::run:ExecutionServicer::spawn_execution{wait_execution_completion=false}:inject_legacy_env_vars:override_dc_env_vars: execution_wrapper::dc_env_vars: Updated env AZUREML_CR_EXECUTOR_CONFIG for spawned process
2026-08-11T02:33:29.642002Z  INFO ExecutionServicer::run:ExecutionServicer::spawn_execution{wait_execution_completion=false}:inject_legacy_env_vars:override_dc_env_vars: execution_wrapper::dc_env_vars: Updated env AZUREML_CR_DISTRIBUTED_CONFIG for spawned process
2026-08-11T02:33:29.642027Z  INFO ExecutionServicer::run:ExecutionServicer::spawn_execution{wait_execution_completion=false}:inject_legacy_env_vars:override_dc_env_vars: execution_wrapper::dc_env_vars: Updated env AZUREML_SERVICE_ENDPOINT for spawned process
2026-08-11T02:33:29.642050Z  INFO ExecutionServicer::run:ExecutionServicer::spawn_execution{wait_execution_completion=false}:inject_legacy_env_vars:override_dc_env_vars: execution_wrapper::dc_env_vars: Updated env AZUREML_SERVICE_CERT_ENDPOINT for spawned process
2026-08-11T02:33:29.642086Z  INFO ExecutionServicer::run:ExecutionServicer::spawn_execution{wait_execution_completion=false}:inject_legacy_env_vars:override_dc_env_vars: execution_wrapper::dc_env_vars: Updated env AZUREML_DISCOVERY_SERVICE_ENDPOINT for spawned process
2026-08-11T02:33:29.642123Z  INFO ExecutionServicer::run:ExecutionServicer::spawn_execution{wait_execution_completion=false}:inject_legacy_env_vars:override_dc_env_vars: execution_wrapper::dc_env_vars: Env var AZUREML_DEV_URL_MLFLOW is empty for current process
2026-08-11T02:33:29.642153Z  INFO ExecutionServicer::run:ExecutionServicer::spawn_execution{wait_execution_completion=false}:inject_legacy_env_vars:override_dc_env_vars: execution_wrapper::dc_env_vars: Updated env AZUREML_RUN_HISTORY_SERVICE_ENDPOINT for spawned process
2026-08-11T02:33:29.642203Z  INFO ExecutionServicer::run:ExecutionServicer::spawn_execution{wait_execution_completion=false}:inject_legacy_env_vars:override_dc_env_vars: execution_wrapper::dc_env_vars: close time.busy=229µs time.idle=3.10µs
2026-08-11T02:33:29.642231Z  INFO ExecutionServicer::run:ExecutionServicer::spawn_execution{wait_execution_completion=false}:inject_legacy_env_vars: execution_wrapper::legacy_env_vars: close time.busy=582µs time.idle=4.00µs
2026-08-11T02:33:29.642256Z  INFO ExecutionServicer::run:ExecutionServicer::spawn_execution{wait_execution_completion=false}: execution_wrapper::infiniband_utils: Is InfiniBand device present: false infiniband_device_path="/dev/infiniband/uverbs0"
2026-08-11T02:33:29.642304Z  INFO ExecutionServicer::run:ExecutionServicer::spawn_execution{wait_execution_completion=false}: execution_wrapper::service: Spawning execution
2026-08-11T02:33:29.643155Z  INFO ExecutionServicer::run:ExecutionServicer::spawn_execution{wait_execution_completion=false}:Execution::parse_commands: execution_wrapper::execution: close time.busy=294µs time.idle=5.60µs
2026-08-11T02:33:29.644094Z  INFO ExecutionServicer::run:ExecutionServicer::spawn_execution{wait_execution_completion=false}:Execution::spawn{wait_execution_completion=false}: execution_wrapper::execution: Spawning target process
2026-08-11T02:33:29.646334Z  INFO ExecutionServicer::run:ExecutionServicer::spawn_execution{wait_execution_completion=false}:Execution::spawn{wait_execution_completion=false}: execution_wrapper::execution: execution process spawned pid=19
2026-08-11T02:33:29.646804Z  INFO execution_wrapper::execution: start waiting for processes execution to complete num_processes=1
2026-08-11T02:33:29.646869Z  INFO Execution::wait_for_completion: execution_wrapper::execution::process_manager: ProcessManagerExecution state changing from PendingExecution to PendingExecution
2026-08-11T02:45:26.912266Z ERROR Execution::wait_for_completion: execution_wrapper::execution::process_manager: Failed blocking user process detected, process name: /azureml-envs/azureml_284a5f433c4663bf233e7606ef4ee312/bin/python, process pid: 19, code: Some(42) success_return_code=Zero { additional_codes: [] } code=Some(42)
2026-08-11T02:45:26.912380Z  INFO Execution::wait_for_completion: execution_wrapper::execution::process_manager: ProcessManagerExecution state changing from PendingExecution to FailureDetected
2026-08-11T02:45:26.912426Z  INFO Execution::wait_for_completion: execution_wrapper::execution::process_manager: [FailureDetected] Successfully started sleeping task
2026-08-11T02:45:26.912450Z  INFO Execution::wait_for_completion: execution_wrapper::execution::process_manager: ProcessManagerExecution state changing from FailureDetected to ExecutionCompleted
2026-08-11T02:45:27.913695Z  INFO Execution::wait_for_completion: execution_wrapper::execution::process_manager: Start collecting process exit statuses
2026-08-11T02:45:27.913777Z  INFO Execution::wait_for_completion: execution_wrapper::execution::process_manager: Successfully collected the exit status of user process pid=19 process_name=/azureml-envs/azureml_284a5f433c4663bf233e7606ef4ee312/bin/python killed_by_process_manager=false
2026-08-11T02:45:27.913820Z  INFO Execution::wait_for_completion: execution_wrapper::execution::process_manager: Process manager successfully collected the exit statuses of all user processes on current node
2026-08-11T02:45:27.913869Z  INFO Execution::wait_for_completion: execution_wrapper::execution::process_manager: ProcessManagerExecution state changing from ExecutionCompleted to CleanupStreamingTasks
2026-08-11T02:45:27.913937Z  INFO Execution::wait_for_completion: execution_wrapper::execution::process_manager: Start cleaning up execution log streaming tasks
2026-08-11T02:45:27.913977Z  INFO Execution::wait_for_completion: execution_wrapper::execution::process_manager: Process manager successfully aborted all streaming tasks for current execution
2026-08-11T02:45:27.914011Z  INFO Execution::wait_for_completion: execution_wrapper::execution: The stderr path is set, starting reading stderr from file. file_path="user_logs/std_log_0.txt"
2026-08-11T02:45:27.914889Z  INFO Execution::wait_for_completion: execution_wrapper::execution: Gathered execution result for rank 0 process_rank=0 exit_code=42 stderr_path=Some("user_logs/std_log_0.txt")
2026-08-11T02:45:27.914955Z  INFO Execution::wait_for_completion: execution_wrapper::execution: [wait_for_completion] execution process completed.
2026-08-11T02:45:27.921485Z  WARN Execution::wait_for_completion: execution_wrapper::detect_error: [Execution-wrapper::ErrorDetector] Failed to search OOM error from dmesg logs exception=General("non-zero exit code Some(1) from sh: ")
2026-08-11T02:45:27.921791Z  WARN Execution::wait_for_completion:ExecutionFinalizer::on_exit:ExecutionFinalizer::complete_execution: grpc_utils::span: failed to inject span context to grpc request
2026-08-11T02:45:27.921842Z  INFO Execution::wait_for_completion:ExecutionFinalizer::on_exit:ExecutionFinalizer::complete_execution:execution-wrapper::connect_to_callback_service: execution_wrapper::service: connecting to callback endpoint: /mnt/azureml/cr/j/7ddd00d0c03d4271a499472a1bb0e837/.grpc/lifecycler:0 client_address=/mnt/azureml/cr/j/7ddd00d0c03d4271a499472a1bb0e837/.grpc/lifecycler:0
2026-08-11T02:45:27.922404Z  INFO Execution::wait_for_completion:ExecutionFinalizer::on_exit:ExecutionFinalizer::complete_execution:execution-wrapper::connect_to_callback_service:connect: grpc_utils::endpoint::connect: Connecting to gRPC service endpoint=Uds("/mnt/azureml/cr/j/7ddd00d0c03d4271a499472a1bb0e837/.grpc/lifecycler:0") retry=FixedIntervalRetry { attempt_timeout_millis: 50, retry_delay_millis: 10, max_duration: 600s }
2026-08-11T02:45:27.922693Z  INFO Execution::wait_for_completion:ExecutionFinalizer::on_exit:ExecutionFinalizer::complete_execution:execution-wrapper::connect_to_callback_service:connect: grpc_utils::endpoint::connect: Successfully connected to gRPC service endpoint=Uds("/mnt/azureml/cr/j/7ddd00d0c03d4271a499472a1bb0e837/.grpc/lifecycler:0")
2026-08-11T02:45:27.922753Z  INFO Execution::wait_for_completion:ExecutionFinalizer::on_exit:ExecutionFinalizer::complete_execution:execution-wrapper::connect_to_callback_service:connect: grpc_utils::endpoint::connect: close time.busy=294µs time.idle=63.2µs
2026-08-11T02:45:27.922794Z  INFO Execution::wait_for_completion:ExecutionFinalizer::on_exit:ExecutionFinalizer::complete_execution:execution-wrapper::connect_to_callback_service: execution_wrapper::service: close time.busy=907µs time.idle=51.9µs
2026-08-11T02:45:27.923567Z  INFO Execution::wait_for_completion:ExecutionFinalizer::on_exit:ExecutionFinalizer::complete_execution: execution_wrapper::service: Completed execution id=a97b8654-c2f5-4818-9bcb-05543e40fb9f
2026-08-11T02:45:27.923620Z  INFO Execution::wait_for_completion:ExecutionFinalizer::on_exit:ExecutionFinalizer::complete_execution: execution_wrapper::service: close time.busy=1.10ms time.idle=742µs
2026-08-11T02:45:27.923646Z  INFO Execution::wait_for_completion:ExecutionFinalizer::on_exit: execution_wrapper::service: close time.busy=1.12ms time.idle=761µs
2026-08-11T02:45:27.923653Z  INFO ExecutionServicer::run:ExecutionServicer::spawn_execution{wait_execution_completion=false}:Execution::spawn{wait_execution_completion=false}: execution_wrapper::execution: close time.busy=2.98ms time.idle=718s
2026-08-11T02:45:27.923664Z  INFO ExecutionServicer::run:ExecutionServicer::spawn_execution{wait_execution_completion=false}: execution_wrapper::service: close time.busy=4.87ms time.idle=718s
2026-08-11T02:45:27.923674Z  INFO ExecutionServicer::run: execution_wrapper::service: close time.busy=5.06ms time.idle=718s
2026-08-11T02:45:27.923684Z  INFO Execution::wait_for_completion: execution_wrapper::execution: close time.busy=3.59ms time.idle=718s
2026-08-11T02:45:27.923693Z  INFO execution_wrapper::execution: process execution completed
