2026-08-11T01:36:16.290102Z  INFO telemetry: job_telemetry_init artifact_type=installed branch=b048ad42a221 ci_number=20260731.1 ci_name=CommonRuntime-RuntimeTeam-Linux-Prod-Build build_time=2026-07-31 07:25:57.462190
2026-08-11T01:36:16.290385Z  INFO run_execution_wrapper: execution_wrapper: Writing HWLOC_COMPONENTS=-gl to /etc/environment
2026-08-11T01:36:16.292573Z  WARN run_execution_wrapper: execution_wrapper: Failed to execute sudo command: No such file or directory (os error 2)
2026-08-11T01:36:16.292624Z  INFO run_execution_wrapper: execution_wrapper: Set HWLOC_COMPONENTS=-gl in current process environment
2026-08-11T01:36:16.293957Z  INFO run_execution_wrapper: execution_wrapper: Successfully dumped bootstrapping environment to file
2026-08-11T01:36:16.293998Z  INFO run_execution_wrapper: execution_wrapper: Enable std log streaming is not specified in executor configuration, default to not stream logs to stdout and stderr
2026-08-11T01:36:16.294026Z  INFO run_execution_wrapper: execution_wrapper: Enable termination signal handling is not specified in executor configuration, default to ignore termination signals
2026-08-11T01:36:16.294050Z  INFO run_execution_wrapper: execution_wrapper: Executor config not provided, certificates will not be updated.
2026-08-11T01:36:16.294168Z  INFO run_execution_wrapper:execution-wrapper::run_service{path_mapping_kind=None error_pattern_json_files_post_execution=None error_pattern_json_file_mid_execution=None enable_std_log_streaming=false skip_user_log_file_generation=false enable_termination_signal_handling=false}: execution_wrapper::service: serving execution service at executor_address=/mnt/azureml/cr/j/902aba63c3a1406aa47938b0b208fadd/.grpc/executor:0
2026-08-11T01:36:16.294839Z  INFO run_execution_wrapper:execution-wrapper::run_service{path_mapping_kind=None error_pattern_json_files_post_execution=None error_pattern_json_file_mid_execution=None enable_std_log_streaming=false skip_user_log_file_generation=false enable_termination_signal_handling=false}: cr_core: Successfully configured current process to ignore termination signals
2026-08-11T01:36:16.294882Z  INFO run_execution_wrapper:execution-wrapper::run_service{path_mapping_kind=None error_pattern_json_files_post_execution=None error_pattern_json_file_mid_execution=None enable_std_log_streaming=false skip_user_log_file_generation=false enable_termination_signal_handling=false}:serve: grpc_utils::endpoint::serve: serving gRPC service endpoint=Uds("/mnt/azureml/cr/j/902aba63c3a1406aa47938b0b208fadd/.grpc/executor:0") retry=ExponentialBackoffRetry { retry_delay_secs: 2, delay_factor: 1000, num_retries: 3 }
2026-08-11T01:36:54.031800Z  INFO ExecutionServicer::setup_execution_env: grpc_utils::server: Got grpc request request_name="setup_execution_env" remote_addr=None
2026-08-11T01:36:54.031876Z  INFO ExecutionServicer::setup_execution_env:PathMapper::do_mappings: execution_wrapper::path_mapping: Setting up path_mappings using Some(BindMount)
2026-08-11T01:36:54.031977Z  INFO ExecutionServicer::setup_execution_env:PathMapper::do_mappings:PathMapper::mount{source="/mnt/azureml/cr/j/902aba63c3a1406aa47938b0b208fadd/cap/data-capability/wd/INPUT_score_model" target="/mnt/azureml/cr/j/902aba63c3a1406aa47938b0b208fadd/exe/wd/e4147405-1ec1-4710-91f6-ec581804bbe2_score_model/taxi-model" sudo=false}: execution_wrapper::path_mapping: source is a directory, create dest as directory and ensure empty
2026-08-11T01:36:54.037762Z  INFO ExecutionServicer::setup_execution_env:PathMapper::do_mappings:PathMapper::mount{source="/mnt/azureml/cr/j/902aba63c3a1406aa47938b0b208fadd/cap/data-capability/wd/INPUT_score_model" target="/mnt/azureml/cr/j/902aba63c3a1406aa47938b0b208fadd/exe/wd/e4147405-1ec1-4710-91f6-ec581804bbe2_score_model/taxi-model" sudo=false}: execution_wrapper::path_mapping: close time.busy=2.75ms time.idle=3.09ms
2026-08-11T01:36:54.037801Z  INFO ExecutionServicer::setup_execution_env:PathMapper::do_mappings: execution_wrapper::path_mapping: close time.busy=2.85ms time.idle=3.09ms
2026-08-11T01:36:54.037808Z  INFO ExecutionServicer::setup_execution_env: execution_wrapper::service: path mapping completed
2026-08-11T01:36:54.037854Z  INFO ExecutionServicer::setup_execution_env: execution_wrapper::service: close time.busy=2.99ms time.idle=3.09ms
2026-08-11T01:36:54.039177Z  INFO ExecutionServicer::run: grpc_utils::server: Got grpc request request_name="run" remote_addr=None
2026-08-11T01:36:54.039266Z  INFO ExecutionServicer::run: execution_wrapper::service: file /opt/microsoft/singularity/unasignal/StopUserNode exists: false path=/opt/microsoft/singularity/unasignal/StopUserNode
2026-08-11T01:36:54.039329Z  INFO ExecutionServicer::run:ExecutionServicer::spawn_execution{wait_execution_completion=false}: execution_wrapper::service: spawn_execution request id="ad5adbcb-cfa5-45f2-8957-34b60c90e5d9" client_address=Some("/mnt/azureml/cr/j/902aba63c3a1406aa47938b0b208fadd/.grpc/lifecycler:0")
2026-08-11T01:36:54.039366Z  INFO ExecutionServicer::run:ExecutionServicer::spawn_execution{wait_execution_completion=false}:inject_legacy_env_vars: execution_wrapper::legacy_env_vars: Setting legacy env vars from distributed config distributed_config=DistributedConfig { rank: Value(0), host_list: [], remote_grpc: None, batch_leader_port: None, is_distributed_parallel_task: Some(false), disable_fatal_ongoing_ssh_check_failure: false }
2026-08-11T01:36:54.039394Z  WARN ExecutionServicer::run:ExecutionServicer::spawn_execution{wait_execution_completion=false}:inject_legacy_env_vars: execution_wrapper::legacy_env_vars: Skip injecting legacy env vars, distributed config host list is empty, setting only the defaults distributed_config=DistributedConfig { rank: Value(0), host_list: [], remote_grpc: None, batch_leader_port: None, is_distributed_parallel_task: Some(false), disable_fatal_ongoing_ssh_check_failure: false }
2026-08-11T01:36:54.039429Z  INFO ExecutionServicer::run:ExecutionServicer::spawn_execution{wait_execution_completion=false}:inject_legacy_env_vars: execution_wrapper::legacy_env_vars: Injecting AZ_BATCHAI_JOB_WORK_DIR=/mnt/azureml/cr/j/902aba63c3a1406aa47938b0b208fadd/exe/wd working_dir="/mnt/azureml/cr/j/902aba63c3a1406aa47938b0b208fadd/exe/wd"
2026-08-11T01:36:54.039450Z  INFO ExecutionServicer::run:ExecutionServicer::spawn_execution{wait_execution_completion=false}:inject_legacy_env_vars: execution_wrapper::legacy_env_vars: Injecting AZUREML_PROCESS_NAME=main as default
2026-08-11T01:36:54.039534Z  INFO ExecutionServicer::run:ExecutionServicer::spawn_execution{wait_execution_completion=false}:inject_legacy_env_vars:get_gpu_count: execution_wrapper::common: Get ComputeContext from env success compute_context=ComputeContext { cluster_name: "batch-cluster", node_id: Literal("tvmps_1adae1472c2f5598a76ddc5631c569b7f17c5366648603bb84cc8db754490ba5_d"), vm_id: Some("3f2a37aa-1385-4a50-91a2-7c806f50f21e"), run_attempt_count: 1, gpu_count: Some(0), vm_size: Some("STANDARD_D4S_V3"), readable_cluster_name: Some("batch-cluster"), vm_priority: Some(Dedicated), use_vnet_or_private_link: false }
2026-08-11T01:36:54.039591Z  INFO ExecutionServicer::run:ExecutionServicer::spawn_execution{wait_execution_completion=false}:inject_legacy_env_vars:get_gpu_count: execution_wrapper::common: close time.busy=125µs time.idle=3.10µs
2026-08-11T01:36:54.039619Z  INFO ExecutionServicer::run:ExecutionServicer::spawn_execution{wait_execution_completion=false}:inject_legacy_env_vars:override_dc_env_vars: execution_wrapper::dc_env_vars: Updated env AZUREML_CR_EXECUTOR_CONFIG for spawned process
2026-08-11T01:36:54.039644Z  INFO ExecutionServicer::run:ExecutionServicer::spawn_execution{wait_execution_completion=false}:inject_legacy_env_vars:override_dc_env_vars: execution_wrapper::dc_env_vars: Updated env AZUREML_CR_DISTRIBUTED_CONFIG for spawned process
2026-08-11T01:36:54.039656Z  INFO ExecutionServicer::run:ExecutionServicer::spawn_execution{wait_execution_completion=false}:inject_legacy_env_vars:override_dc_env_vars: execution_wrapper::dc_env_vars: Updated env AZUREML_SERVICE_ENDPOINT for spawned process
2026-08-11T01:36:54.039667Z  INFO ExecutionServicer::run:ExecutionServicer::spawn_execution{wait_execution_completion=false}:inject_legacy_env_vars:override_dc_env_vars: execution_wrapper::dc_env_vars: Updated env AZUREML_SERVICE_CERT_ENDPOINT for spawned process
2026-08-11T01:36:54.039684Z  INFO ExecutionServicer::run:ExecutionServicer::spawn_execution{wait_execution_completion=false}:inject_legacy_env_vars:override_dc_env_vars: execution_wrapper::dc_env_vars: Updated env AZUREML_DISCOVERY_SERVICE_ENDPOINT for spawned process
2026-08-11T01:36:54.039703Z  INFO ExecutionServicer::run:ExecutionServicer::spawn_execution{wait_execution_completion=false}:inject_legacy_env_vars:override_dc_env_vars: execution_wrapper::dc_env_vars: Env var AZUREML_DEV_URL_MLFLOW is empty for current process
2026-08-11T01:36:54.039724Z  INFO ExecutionServicer::run:ExecutionServicer::spawn_execution{wait_execution_completion=false}:inject_legacy_env_vars:override_dc_env_vars: execution_wrapper::dc_env_vars: Updated env AZUREML_RUN_HISTORY_SERVICE_ENDPOINT for spawned process
2026-08-11T01:36:54.039742Z  INFO ExecutionServicer::run:ExecutionServicer::spawn_execution{wait_execution_completion=false}:inject_legacy_env_vars:override_dc_env_vars: execution_wrapper::dc_env_vars: close time.busy=125µs time.idle=2.80µs
2026-08-11T01:36:54.039757Z  INFO ExecutionServicer::run:ExecutionServicer::spawn_execution{wait_execution_completion=false}:inject_legacy_env_vars: execution_wrapper::legacy_env_vars: close time.busy=394µs time.idle=3.50µs
2026-08-11T01:36:54.039775Z  INFO ExecutionServicer::run:ExecutionServicer::spawn_execution{wait_execution_completion=false}: execution_wrapper::infiniband_utils: Is InfiniBand device present: false infiniband_device_path="/dev/infiniband/uverbs0"
2026-08-11T01:36:54.039809Z  INFO ExecutionServicer::run:ExecutionServicer::spawn_execution{wait_execution_completion=false}: execution_wrapper::service: Spawning execution
2026-08-11T01:36:54.040255Z  INFO ExecutionServicer::run:ExecutionServicer::spawn_execution{wait_execution_completion=false}:Execution::parse_commands: execution_wrapper::execution: close time.busy=173µs time.idle=3.30µs
2026-08-11T01:36:54.040879Z  INFO ExecutionServicer::run:ExecutionServicer::spawn_execution{wait_execution_completion=false}:Execution::spawn{wait_execution_completion=false}: execution_wrapper::execution: Spawning target process
2026-08-11T01:36:54.041927Z  INFO ExecutionServicer::run:ExecutionServicer::spawn_execution{wait_execution_completion=false}:Execution::spawn{wait_execution_completion=false}: execution_wrapper::execution: execution process spawned pid=18
2026-08-11T01:36:54.042081Z  INFO execution_wrapper::execution: start waiting for processes execution to complete num_processes=1
2026-08-11T01:36:54.042184Z  INFO Execution::wait_for_completion: execution_wrapper::execution::process_manager: ProcessManagerExecution state changing from PendingExecution to PendingExecution
2026-08-11T01:37:23.846627Z ERROR Execution::wait_for_completion: execution_wrapper::execution::process_manager: Failed blocking user process detected, process name: /azureml-envs/azureml_3770cedbcc642afd7a56c948b7a3c572/bin/python, process pid: 18, code: Some(42) success_return_code=Zero { additional_codes: [] } code=Some(42)
2026-08-11T01:37:23.846752Z  INFO Execution::wait_for_completion: execution_wrapper::execution::process_manager: ProcessManagerExecution state changing from PendingExecution to FailureDetected
2026-08-11T01:37:23.846803Z  INFO Execution::wait_for_completion: execution_wrapper::execution::process_manager: [FailureDetected] Successfully started sleeping task
2026-08-11T01:37:23.846837Z  INFO Execution::wait_for_completion: execution_wrapper::execution::process_manager: ProcessManagerExecution state changing from FailureDetected to ExecutionCompleted
2026-08-11T01:37:24.847286Z  INFO Execution::wait_for_completion: execution_wrapper::execution::process_manager: Start collecting process exit statuses
2026-08-11T01:37:24.847377Z  INFO Execution::wait_for_completion: execution_wrapper::execution::process_manager: Successfully collected the exit status of user process pid=18 process_name=/azureml-envs/azureml_3770cedbcc642afd7a56c948b7a3c572/bin/python killed_by_process_manager=false
2026-08-11T01:37:24.847418Z  INFO Execution::wait_for_completion: execution_wrapper::execution::process_manager: Process manager successfully collected the exit statuses of all user processes on current node
2026-08-11T01:37:24.847472Z  INFO Execution::wait_for_completion: execution_wrapper::execution::process_manager: ProcessManagerExecution state changing from ExecutionCompleted to CleanupStreamingTasks
2026-08-11T01:37:24.847518Z  INFO Execution::wait_for_completion: execution_wrapper::execution::process_manager: Start cleaning up execution log streaming tasks
2026-08-11T01:37:24.847588Z  INFO Execution::wait_for_completion: execution_wrapper::execution::process_manager: Process manager successfully aborted all streaming tasks for current execution
2026-08-11T01:37:24.847612Z  INFO Execution::wait_for_completion: execution_wrapper::execution: The stderr path is set, starting reading stderr from file. file_path="user_logs/std_log_0.txt"
2026-08-11T01:37:24.848223Z  INFO Execution::wait_for_completion: execution_wrapper::execution: Gathered execution result for rank 0 process_rank=0 exit_code=42 stderr_path=Some("user_logs/std_log_0.txt")
2026-08-11T01:37:24.848272Z  INFO Execution::wait_for_completion: execution_wrapper::execution: [wait_for_completion] execution process completed.
2026-08-11T01:37:24.854865Z  WARN Execution::wait_for_completion: execution_wrapper::detect_error: [Execution-wrapper::ErrorDetector] Failed to search OOM error from dmesg logs exception=General("non-zero exit code Some(1) from sh: ")
2026-08-11T01:37:24.855279Z  WARN Execution::wait_for_completion:ExecutionFinalizer::on_exit:ExecutionFinalizer::complete_execution: grpc_utils::span: failed to inject span context to grpc request
2026-08-11T01:37:24.855336Z  INFO Execution::wait_for_completion:ExecutionFinalizer::on_exit:ExecutionFinalizer::complete_execution:execution-wrapper::connect_to_callback_service: execution_wrapper::service: connecting to callback endpoint: /mnt/azureml/cr/j/902aba63c3a1406aa47938b0b208fadd/.grpc/lifecycler:0 client_address=/mnt/azureml/cr/j/902aba63c3a1406aa47938b0b208fadd/.grpc/lifecycler:0
2026-08-11T01:37:24.856013Z  INFO Execution::wait_for_completion:ExecutionFinalizer::on_exit:ExecutionFinalizer::complete_execution:execution-wrapper::connect_to_callback_service:connect: grpc_utils::endpoint::connect: Connecting to gRPC service endpoint=Uds("/mnt/azureml/cr/j/902aba63c3a1406aa47938b0b208fadd/.grpc/lifecycler:0") retry=FixedIntervalRetry { attempt_timeout_millis: 50, retry_delay_millis: 10, max_duration: 600s }
2026-08-11T01:37:24.856253Z  INFO Execution::wait_for_completion:ExecutionFinalizer::on_exit:ExecutionFinalizer::complete_execution:execution-wrapper::connect_to_callback_service:connect: grpc_utils::endpoint::connect: Successfully connected to gRPC service endpoint=Uds("/mnt/azureml/cr/j/902aba63c3a1406aa47938b0b208fadd/.grpc/lifecycler:0")
2026-08-11T01:37:24.856304Z  INFO Execution::wait_for_completion:ExecutionFinalizer::on_exit:ExecutionFinalizer::complete_execution:execution-wrapper::connect_to_callback_service:connect: grpc_utils::endpoint::connect: close time.busy=274µs time.idle=24.2µs
2026-08-11T01:37:24.856337Z  INFO Execution::wait_for_completion:ExecutionFinalizer::on_exit:ExecutionFinalizer::complete_execution:execution-wrapper::connect_to_callback_service: execution_wrapper::service: close time.busy=986µs time.idle=22.9µs
2026-08-11T01:37:24.857116Z  INFO Execution::wait_for_completion:ExecutionFinalizer::on_exit:ExecutionFinalizer::complete_execution: execution_wrapper::service: Completed execution id=ad5adbcb-cfa5-45f2-8957-34b60c90e5d9
2026-08-11T01:37:24.857193Z  INFO Execution::wait_for_completion:ExecutionFinalizer::on_exit:ExecutionFinalizer::complete_execution: execution_wrapper::service: close time.busy=1.20ms time.idle=728µs
2026-08-11T01:37:24.857213Z  INFO Execution::wait_for_completion:ExecutionFinalizer::on_exit: execution_wrapper::service: close time.busy=1.23ms time.idle=746µs
2026-08-11T01:37:24.857224Z  INFO ExecutionServicer::run:ExecutionServicer::spawn_execution{wait_execution_completion=false}:Execution::spawn{wait_execution_completion=false}: execution_wrapper::execution: close time.busy=1.55ms time.idle=30.8s
2026-08-11T01:37:24.857235Z  INFO ExecutionServicer::run:ExecutionServicer::spawn_execution{wait_execution_completion=false}: execution_wrapper::service: close time.busy=2.65ms time.idle=30.8s
2026-08-11T01:37:24.857244Z  INFO ExecutionServicer::run: execution_wrapper::service: close time.busy=2.80ms time.idle=30.8s
2026-08-11T01:37:24.857254Z  INFO Execution::wait_for_completion: execution_wrapper::execution: close time.busy=3.44ms time.idle=30.8s
2026-08-11T01:37:24.857264Z  INFO execution_wrapper::execution: process execution completed
